cat /proc/iomem for rzansel, node rzansel62
current map of the system's memory for each physical device
Fri Feb 15 09:29:07 PST 2019

00000000-00000000 : System RAM
00000000-00000000 : System RAM
00000000-00000000 : System RAM
00000000-00000000 : System RAM
00000000-00000000 : System RAM
00000000-00000000 : System RAM
00000000-00000000 : System RAM
00000000-00000000 : System RAM
00000000-00000000 : System RAM
00000000-00000000 : System RAM
00000000-00000000 : System RAM
00000000-00000000 : System RAM
00000000-00000000 : System RAM
00000000-00000000 : System RAM
00000000-00000000 : System RAM
00000000-00000000 : System RAM
00000000-00000000 : System RAM
00000000-00000000 : System RAM
00000000-00000000 : System RAM
00000000-00000000 : System RAM
00000000-00000000 : System RAM
00000000-00000000 : System RAM
00000000-00000000 : System RAM
00000000-00000000 : System RAM
00000000-00000000 : System RAM
00000000-00000000 : System RAM
00000000-00000000 : System RAM
00000000-00000000 : System RAM
00000000-00000000 : System RAM
00000000-00000000 : System RAM
00000000-00000000 : System RAM
00000000-00000000 : System RAM
00000000-00000000 : System RAM
00000000-00000000 : System RAM
00000000-00000000 : System RAM
00000000-00000000 : System RAM
00000000-00000000 : System RAM
00000000-00000000 : System RAM
00000000-00000000 : System RAM
00000000-00000000 : System RAM
00000000-00000000 : System RAM
00000000-00000000 : System RAM
00000000-00000000 : System RAM
00000000-00000000 : System RAM
00000000-00000000 : System RAM
00000000-00000000 : System RAM
00000000-00000000 : System RAM
00000000-00000000 : System RAM
00000000-00000000 : System RAM
00000000-00000000 : System RAM
00000000-00000000 : System RAM
00000000-00000000 : System RAM
00000000-00000000 : System RAM
00000000-00000000 : System RAM
00000000-00000000 : System RAM
00000000-00000000 : System RAM
00000000-00000000 : System RAM
00000000-00000000 : System RAM
00000000-00000000 : System RAM
00000000-00000000 : System RAM
00000000-00000000 : System RAM
00000000-00000000 : System RAM
00000000-00000000 : System RAM
00000000-00000000 : System RAM
00000000-00000000 : System RAM
00000000-00000000 : System RAM
00000000-00000000 : System RAM
00000000-00000000 : System RAM
00000000-00000000 : System RAM
00000000-00000000 : System RAM
00000000-00000000 : System RAM
00000000-00000000 : System RAM
00000000-00000000 : System RAM
00000000-00000000 : System RAM
00000000-00000000 : System RAM
00000000-00000000 : System RAM
00000000-00000000 : System RAM
00000000-00000000 : System RAM
00000000-00000000 : System RAM
00000000-00000000 : System RAM
00000000-00000000 : System RAM
00000000-00000000 : System RAM
00000000-00000000 : System RAM
00000000-00000000 : System RAM
00000000-00000000 : System RAM
00000000-00000000 : System RAM
00000000-00000000 : System RAM
00000000-00000000 : System RAM
00000000-00000000 : System RAM
00000000-00000000 : System RAM
00000000-00000000 : System RAM
00000000-00000000 : System RAM
00000000-00000000 : System RAM
00000000-00000000 : System RAM
00000000-00000000 : System RAM
00000000-00000000 : System RAM
00000000-00000000 : System RAM
00000000-00000000 : System RAM
00000000-00000000 : System RAM
00000000-00000000 : System RAM
00000000-00000000 : System RAM
00000000-00000000 : System RAM
00000000-00000000 : System RAM
00000000-00000000 : System RAM
00000000-00000000 : System RAM
00000000-00000000 : System RAM
00000000-00000000 : System RAM
00000000-00000000 : System RAM
00000000-00000000 : System RAM
00000000-00000000 : System RAM
00000000-00000000 : System RAM
00000000-00000000 : System RAM
00000000-00000000 : System RAM
00000000-00000000 : System RAM
00000000-00000000 : System RAM
00000000-00000000 : System RAM
00000000-00000000 : System RAM
00000000-00000000 : System RAM
00000000-00000000 : System RAM
00000000-00000000 : System RAM
00000000-00000000 : System RAM
00000000-00000000 : System RAM
00000000-00000000 : System RAM
00000000-00000000 : System RAM
00000000-00000000 : System RAM
00000000-00000000 : System RAM
00000000-00000000 : System RAM
00000000-00000000 : System RAM
00000000-00000000 : System RAM
00000000-00000000 : System RAM
00000000-00000000 : System RAM
00000000-00000000 : System RAM
00000000-00000000 : System RAM
00000000-00000000 : System RAM
00000000-00000000 : System RAM
00000000-00000000 : System RAM
00000000-00000000 : System RAM
00000000-00000000 : System RAM
00000000-00000000 : System RAM
00000000-00000000 : System RAM
00000000-00000000 : System RAM
00000000-00000000 : System RAM
00000000-00000000 : System RAM
00000000-00000000 : System RAM
00000000-00000000 : System RAM
00000000-00000000 : System RAM
00000000-00000000 : System RAM
00000000-00000000 : System RAM
00000000-00000000 : System RAM
00000000-00000000 : System RAM
00000000-00000000 : System RAM
00000000-00000000 : System RAM
00000000-00000000 : System RAM
00000000-00000000 : System RAM
00000000-00000000 : System RAM
00000000-00000000 : System RAM
00000000-00000000 : System RAM
00000000-00000000 : System RAM
00000000-00000000 : System RAM
00000000-00000000 : System RAM
00000000-00000000 : System RAM
00000000-00000000 : System RAM
00000000-00000000 : System RAM
00000000-00000000 : System RAM
00000000-00000000 : System RAM
00000000-00000000 : System RAM
00000000-00000000 : System RAM
00000000-00000000 : System RAM
00000000-00000000 : System RAM
00000000-00000000 : System RAM
00000000-00000000 : System RAM
00000000-00000000 : System RAM
00000000-00000000 : System RAM
00000000-00000000 : System RAM
00000000-00000000 : System RAM
00000000-00000000 : System RAM
00000000-00000000 : System RAM
00000000-00000000 : System RAM
00000000-00000000 : System RAM
00000000-00000000 : System RAM
00000000-00000000 : System RAM
00000000-00000000 : System RAM
00000000-00000000 : System RAM
00000000-00000000 : System RAM
00000000-00000000 : System RAM
00000000-00000000 : System RAM
00000000-00000000 : System RAM
00000000-00000000 : System RAM
00000000-00000000 : System RAM
00000000-00000000 : System RAM
00000000-00000000 : System RAM
00000000-00000000 : System RAM
00000000-00000000 : System RAM
00000000-00000000 : System RAM
00000000-00000000 : System RAM
00000000-00000000 : System RAM
00000000-00000000 : System RAM
00000000-00000000 : System RAM
00000000-00000000 : System RAM
00000000-00000000 : System RAM
00000000-00000000 : System RAM
00000000-00000000 : System RAM
00000000-00000000 : System RAM
00000000-00000000 : System RAM
00000000-00000000 : System RAM
00000000-00000000 : System RAM
00000000-00000000 : System RAM
00000000-00000000 : System RAM
00000000-00000000 : System RAM
00000000-00000000 : System RAM
00000000-00000000 : System RAM
00000000-00000000 : System RAM
00000000-00000000 : System RAM
00000000-00000000 : System RAM
00000000-00000000 : System RAM
00000000-00000000 : System RAM
00000000-00000000 : System RAM
00000000-00000000 : System RAM
00000000-00000000 : System RAM
00000000-00000000 : System RAM
00000000-00000000 : System RAM
00000000-00000000 : System RAM
00000000-00000000 : System RAM
00000000-00000000 : System RAM
00000000-00000000 : System RAM
00000000-00000000 : System RAM
00000000-00000000 : System RAM
00000000-00000000 : System RAM
00000000-00000000 : System RAM
00000000-00000000 : System RAM
00000000-00000000 : System RAM
00000000-00000000 : System RAM
00000000-00000000 : System RAM
00000000-00000000 : System RAM
00000000-00000000 : System RAM
00000000-00000000 : System RAM
00000000-00000000 : System RAM
00000000-00000000 : System RAM
00000000-00000000 : System RAM
00000000-00000000 : System RAM
00000000-00000000 : System RAM
00000000-00000000 : System RAM
00000000-00000000 : System RAM
00000000-00000000 : System RAM
00000000-00000000 : System RAM
00000000-00000000 : System RAM
00000000-00000000 : System RAM
00000000-00000000 : System RAM
00000000-00000000 : System RAM
00000000-00000000 : System RAM
00000000-00000000 : System RAM
00000000-00000000 : System RAM
00000000-00000000 : System RAM
00000000-00000000 : System RAM
00000000-00000000 : /pciex@600c3c0000000
  00000000-00000000 : PCI Bus 0000:01
    00000000-00000000 : 0000:01:00.0
      00000000-00000000 : bnx2x
    00000000-00000000 : 0000:01:00.0
      00000000-00000000 : bnx2x
    00000000-00000000 : 0000:01:00.1
      00000000-00000000 : bnx2x
    00000000-00000000 : 0000:01:00.1
      00000000-00000000 : bnx2x
    00000000-00000000 : 0000:01:00.2
      00000000-00000000 : bnx2x
    00000000-00000000 : 0000:01:00.2
      00000000-00000000 : bnx2x
    00000000-00000000 : 0000:01:00.3
      00000000-00000000 : bnx2x
    00000000-00000000 : 0000:01:00.3
      00000000-00000000 : bnx2x
    00000000-00000000 : 0000:01:00.0
      00000000-00000000 : bnx2x
    00000000-00000000 : 0000:01:00.1
      00000000-00000000 : bnx2x
    00000000-00000000 : 0000:01:00.2
      00000000-00000000 : bnx2x
    00000000-00000000 : 0000:01:00.3
      00000000-00000000 : bnx2x
00000000-00000000 : /pciex@600c3c0100000
00000000-00000000 : /pciex@600c3c0200000
00000000-00000000 : /pciex@600c3c0000000
  00000000-00000000 : PCI Bus 0000:01
    00000000-00000000 : 0000:01:00.0
    00000000-00000000 : 0000:01:00.1
    00000000-00000000 : 0000:01:00.2
    00000000-00000000 : 0000:01:00.3
00000000-00000000 : /pciex@600c3c0100000
  00000000-00000000 : PCI Bus 0001:01
    00000000-00000000 : 0001:01:00.0
      00000000-00000000 : xhci-hcd
    00000000-00000000 : 0001:01:00.0
00000000-00000000 : /pciex@600c3c0200000
  00000000-00000000 : PCI Bus 0002:01
    00000000-00000000 : PCI Bus 0002:02
      00000000-00000000 : 0002:02:00.0
      00000000-00000000 : 0002:02:00.0
00000000-00000000 : /pciex@600c3c0300000
00000000-00000000 : /pciex@600c3c0400000
  00000000-00000000 : PCI Bus 0004:01
    00000000-00000000 : PCI Bus 0004:02
      00000000-00000000 : PCI Bus 0004:04
        00000000-00000000 : 0004:04:00.0
          00000000-00000000 : nvidia
      00000000-00000000 : PCI Bus 0004:05
        00000000-00000000 : 0004:05:00.0
          00000000-00000000 : nvidia
      00000000-00000000 : PCI Bus 0004:03
        00000000-00000000 : 0004:03:00.0
          00000000-00000000 : ahci
        00000000-00000000 : 0004:03:00.0
    00000000-00000000 : 0004:01:00.0
    00000000-00000000 : 0004:01:00.1
    00000000-00000000 : 0004:01:00.2
    00000000-00000000 : 0004:01:00.3
    00000000-00000000 : 0004:01:00.4
00000000-00000000 : /pciex@600c3c0500000
00000000-00000000 : /pciex@600c3c0300000
  00000000-00000000 : PCI Bus 0003:01
    00000000-00000000 : 0003:01:00.0
    00000000-00000000 : 0003:01:00.1
    00000000-00000000 : 0003:01:00.0
      00000000-00000000 : mlx5_core
    00000000-00000000 : 0003:01:00.1
      00000000-00000000 : mlx5_core
00000000-00000000 : /pciex@600c3c0400000
  00000000-00000000 : PCI Bus 0004:01
    00000000-00000000 : PCI Bus 0004:02
      00000000-00000000 : PCI Bus 0004:04
        00000000-00000000 : 0004:04:00.0
        00000000-00000000 : 0004:04:00.0
      00000000-00000000 : PCI Bus 0004:05
        00000000-00000000 : 0004:05:00.0
        00000000-00000000 : 0004:05:00.0
      00000000-00000000 : PCI Bus 0004:03
00000000-00000000 : /pciex@600c3c0500000
  00000000-00000000 : PCI Bus 0005:01
    00000000-00000000 : 0005:01:00.0
      00000000-00000000 : tg3
    00000000-00000000 : 0005:01:00.0
      00000000-00000000 : tg3
    00000000-00000000 : 0005:01:00.0
      00000000-00000000 : tg3
    00000000-00000000 : 0005:01:00.1
      00000000-00000000 : tg3
    00000000-00000000 : 0005:01:00.1
      00000000-00000000 : tg3
    00000000-00000000 : 0005:01:00.1
      00000000-00000000 : tg3
00000000-00000000 : /pciex@6030200000000
  00000000-00000000 : 0006:00:00.0
    00000000-00000000 : ibmnpu
  00000000-00000000 : 0006:00:00.1
    00000000-00000000 : ibmnpu
  00000000-00000000 : 0006:00:00.2
    00000000-00000000 : ibmnpu
  00000000-00000000 : 0006:00:01.0
    00000000-00000000 : ibmnpu
  00000000-00000000 : 0006:00:01.1
    00000000-00000000 : ibmnpu
  00000000-00000000 : 0006:00:01.2
    00000000-00000000 : ibmnpu
  00000000-00000000 : 0006:00:00.0
    00000000-00000000 : ibmnpu
  00000000-00000000 : 0006:00:00.1
    00000000-00000000 : ibmnpu
  00000000-00000000 : 0006:00:00.2
    00000000-00000000 : ibmnpu
  00000000-00000000 : 0006:00:01.0
    00000000-00000000 : ibmnpu
  00000000-00000000 : 0006:00:01.1
    00000000-00000000 : ibmnpu
  00000000-00000000 : 0006:00:01.2
    00000000-00000000 : ibmnpu
00000000-00000000 : /pciex@620c3c0000000
00000000-00000000 : /pciex@620c3c0000000
  00000000-00000000 : PCI Bus 0030:01
    00000000-00000000 : 0030:01:00.0
    00000000-00000000 : 0030:01:00.0
      00000000-00000000 : nvme
00000000-00000000 : /pciex@620c3c0300000
00000000-00000000 : /pciex@620c3c0400000
00000000-00000000 : /pciex@620c3c0500000
  00000000-00000000 : PCI Bus 0035:01
    00000000-00000000 : PCI Bus 0035:02
      00000000-00000000 : PCI Bus 0035:03
        00000000-00000000 : 0035:03:00.0
          00000000-00000000 : nvidia
      00000000-00000000 : PCI Bus 0035:04
        00000000-00000000 : 0035:04:00.0
          00000000-00000000 : nvidia
    00000000-00000000 : 0035:01:00.0
00000000-00000000 : /pciex@620c3c0300000
  00000000-00000000 : PCI Bus 0033:01
    00000000-00000000 : 0033:01:00.0
    00000000-00000000 : 0033:01:00.1
    00000000-00000000 : 0033:01:00.0
      00000000-00000000 : mlx5_core
    00000000-00000000 : 0033:01:00.1
      00000000-00000000 : mlx5_core
00000000-00000000 : /pciex@620c3c0400000
00000000-00000000 : /pciex@620c3c0500000
  00000000-00000000 : PCI Bus 0035:01
    00000000-00000000 : PCI Bus 0035:02
      00000000-00000000 : PCI Bus 0035:03
        00000000-00000000 : 0035:03:00.0
        00000000-00000000 : 0035:03:00.0
      00000000-00000000 : PCI Bus 0035:04
        00000000-00000000 : 0035:04:00.0
        00000000-00000000 : 0035:04:00.0
00000000-00000000 : /pciex@6230200000000
  00000000-00000000 : 0007:00:00.0
    00000000-00000000 : ibmnpu
  00000000-00000000 : 0007:00:00.1
    00000000-00000000 : ibmnpu
  00000000-00000000 : 0007:00:00.2
    00000000-00000000 : ibmnpu
  00000000-00000000 : 0007:00:01.0
    00000000-00000000 : ibmnpu
  00000000-00000000 : 0007:00:01.1
    00000000-00000000 : ibmnpu
  00000000-00000000 : 0007:00:01.2
    00000000-00000000 : ibmnpu
  00000000-00000000 : 0007:00:00.0
    00000000-00000000 : ibmnpu
  00000000-00000000 : 0007:00:00.1
    00000000-00000000 : ibmnpu
  00000000-00000000 : 0007:00:00.2
    00000000-00000000 : ibmnpu
  00000000-00000000 : 0007:00:01.0
    00000000-00000000 : ibmnpu
  00000000-00000000 : 0007:00:01.1
    00000000-00000000 : ibmnpu
  00000000-00000000 : 0007:00:01.2
    00000000-00000000 : ibmnpu
